/* Header (src/diff-end-tag.njk) */

Foo

/* Footer */
