/* Header (src/empty1.njk) */

/* Extract is empty */

/* Footer */

/* Header (src/empty2.njk) */

/* Extract is empty */

/* Footer */
