/* src/default.njk */

default

/* src/empty1.njk */

/* Empty */
