/* Header (src/same-end-tag.njk) */

Foo

/* Footer */
